<a href="#History">
 <span class="tocnumber">
  1
 </span>
 <span class="toctext">
  History
 </span>
</a>
<a href="#Language_design">
 <span class="tocnumber">
  2
 </span>
 <span class="toctext">
  Language design
 </span>
</a>
<a href="#Conventions_and_code_style">
 <span class="tocnumber">
  3
 </span>
 <span class="toctext">
  Conventions and code style
 </span>
</a>
<a href="#Language_tools">
 <span class="tocnumber">
  4
 </span>
 <span class="toctext">
  Language tools
 </span>
</a>
<a href="#Examples">
 <span class="tocnumber">
  5
 </span>
 <span class="toctext">
  Examples
 </span>
</a>
<a href="#Notable_users">
 <span class="tocnumber">
  6
 </span>
 <span class="toctext">
  Notable users
 </span>
</a>
<a href="#Libraries">
 <span class="tocnumber">
  7
 </span>
 <span class="toctext">
  Libraries
 </span>
</a>
<a href="#Community_and_conferences">
 <span class="tocnumber">
  8
 </span>
 <span class="toctext">
  Community and conferences
 </span>
</a>
<a href="#Reception">
 <span class="tocnumber">
  9
 </span>
 <span class="toctext">
  Reception
 </span>
</a>
<a href="#Mascot">
 <span class="tocnumber">
  10
 </span>
 <span class="toctext">
  Mascot
 </span>
</a>
<a href="#Naming_dispute">
 <span class="tocnumber">
  11
 </span>
 <span class="toctext">
  Naming dispute
 </span>
</a>
<a href="#See_also">
 <span class="tocnumber">
  12
 </span>
 <span class="toctext">
  See also
 </span>
</a>
<a href="#Notes">
 <span class="tocnumber">
  13
 </span>
 <span class="toctext">
  Notes
 </span>
</a>
<a href="#References">
 <span class="tocnumber">
  14
 </span>
 <span class="toctext">
  References
 </span>
</a>
<a href="#External_links">
 <span class="tocnumber">
  15
 </span>
 <span class="toctext">
  External links
 </span>
</a>
