<li class="nv-view">
 <a href="/wiki/Template:Google_Inc." title="Template:Google Inc.">
  <span title="View this template" style=";;background:none transparent;border:none;;">
   v
  </span>
 </a>
</li>
<li>
 <a href="/wiki/History_of_Google" title="History of Google">
  History
 </a>
</li>
<li>
 <a href="/wiki/DoubleClick_for_Publishers_by_Google" title="DoubleClick for Publishers by Google">
  Ad Manager
 </a>
</li>
<li>
 <a href="/wiki/Google_Alerts" title="Google Alerts">
  Alerts
 </a>
</li>
<li>
 <a href="/wiki/History_of_Gmail" title="History of Gmail">
  history
 </a>
</li>
<li>
 <a href="/wiki/Google_Chrome" title="Google Chrome">
  Chrome
 </a>
 <ul>
  <li>
   <a href="/wiki/Google_Chrome_for_Android" title="Google Chrome for Android">
    for Android
   </a>
  </li>
  <li>
   <a href="/wiki/Google_Chrome_for_iOS" title="Google Chrome for iOS" class="mw-redirect">
    for iOS
   </a>
  </li>
  <li>
   <a href="/wiki/Chrome_Web_Store" title="Chrome Web Store">
    Chrome Web Store
   </a>
  </li>
  <li>
   <a href="/wiki/Google_Chrome_Apps" title="Google Chrome Apps">
    Apps
   </a>
  </li>
  <li>
   <a href="/wiki/Google_Chrome_Extensions" title="Google Chrome Extensions">
    Extensions
   </a>
  </li>
 </ul>
</li>
<li>
 <a href="/wiki/Chromebook" title="Chromebook">
  Chromebook
 </a>
</li>
<li>
 <a href="/wiki/Google_Sky" title="Google Sky">
  Sky
 </a>
</li>
<li>
 <a href="/wiki/Google_Pinyin" title="Google Pinyin">
  Pinyin
 </a>
</li>
<li>
 <a href="/wiki/Google_Account" title="Google Account">
  Account
 </a>
</li>
<li>
 <a href="/wiki/Android_version_history" title="Android version history">
  Version history
 </a>
</li>
<li>
 <a href="/wiki/Google_Classroom" title="Google Classroom">
  Classroom
 </a>
</li>
<li>
 <a href="/wiki/Google_APIs" title="Google APIs">
  AJAX APIs
 </a>
</li>
<li>
 <a href="/wiki/Blogger_(service)" title="Blogger (service)">
  Blogger
 </a>
</li>
<li>
 <a href="/wiki/Google_Search_Appliance" title="Google Search Appliance">
  Appliance
 </a>
</li>
<li>
 <a href="/wiki/Google_Books_Library_Project" title="Google Books Library Project">
  Library Project
 </a>
</li>
<li>
 <a href="/wiki/Google_Street_View" title="Google Street View">
  Street View
 </a>
 <ul>
  <li>
   <a href="/wiki/Timeline_of_Google_Street_View" title="Timeline of Google Street View">
    Timeline
   </a>
  </li>
  <li>
   <a href="/wiki/Google_Street_View_privacy_concerns" title="Google Street View privacy concerns">
    Privacy concerns
   </a>
  </li>
  <li>
   <a href="/wiki/Competition_of_Google_Street_View" title="Competition of Google Street View" class="mw-redirect">
    Competition
   </a>
  </li>
  <li>
   <a href="/wiki/Locations_of_Google_Street_View" title="Locations of Google Street View" class="mw-redirect">
    Locations
   </a>
  </li>
 </ul>
</li>
<li>
 <a href="/wiki/Google_News_Archive" title="Google News Archive">
  Archive
 </a>
</li>
<li>
 <a href="/wiki/Google_Web_History" title="Google Web History">
  History
 </a>
</li>
<li>
 <a href="/wiki/PageRank" title="PageRank">
  PageRank
 </a>
</li>
<li>
 <a href="/wiki/Google_Insights_for_Search" title="Google Insights for Search">
  Insights for Search
 </a>
</li>
<li>
 <a href="/wiki/Aardvark_(search_engine)" title="Aardvark (search engine)">
  Aardvark
 </a>
</li>
<li>
 <a href="/wiki/111_Eighth_Avenue" title="111 Eighth Avenue">
  111 Eighth Avenue
 </a>
</li>
<li>
 <a href="/wiki/Google_Takeout" title="Google Takeout">
  Takeout
 </a>
</li>
<li>
 <a href="/wiki/List_of_Google_Doodles_(1998%E2%80%932009)" title="List of Google Doodles (1998–2009)">
  1998–2009
 </a>
</li>
<li>
 <a href="/wiki/Project_Ara" title="Project Ara">
  Ara
 </a>
</li>
<li>
 <a href="/wiki/Larry_Page" title="Larry Page">
  Larry Page
 </a>
</li>
<li>
 <img alt="Project page" src="//upload.wikimedia.org/wikipedia/commons/thumb/8/8c/Symbol_information_vote.svg/16px-Symbol_information_vote.svg.png" width="16" height="16" srcset="//upload.wikimedia.org/wikipedia/commons/thumb/8/8c/Symbol_information_vote.svg/23px-Symbol_information_vote.svg.png 1.5x, //upload.wikimedia.org/wikipedia/commons/thumb/8/8c/Symbol_information_vote.svg/31px-Symbol_information_vote.svg.png 2x" data-file-width="180" data-file-height="185">
 <b>
  <a href="/wiki/Wikipedia:WikiProject_Google" title="Wikipedia:WikiProject Google">
   Project
  </a>
 </b>
</li>
<li class="nv-view">
 <a href="/wiki/Template:Rob_Pike_navbox" title="Template:Rob Pike navbox">
  <span title="View this template" style=";;background:none transparent;border:none;;">
   v
  </span>
 </a>
</li>
<li>
 <a href="/wiki/Plan_9_from_Bell_Labs" title="Plan 9 from Bell Labs">
  Plan 9 from Bell Labs
 </a>
</li>
<li>
 <a href="/wiki/Newsqueak" title="Newsqueak">
  Newsqueak
 </a>
</li>
<li>
 <a href="/wiki/Acme_(text_editor)" title="Acme (text editor)">
  acme
 </a>
</li>
<li>
 <i>
  <a href="/wiki/The_Practice_of_Programming" title="The Practice of Programming">
   The Practice of Programming
  </a>
 </i>
</li>
<li>
 <a href="/wiki/Ren%C3%A9e_French" title="Renée French">
  Renée French
 </a>
</li>
<li class="nv-view">
 <a href="/wiki/Template:Ken_Thompson_navbox" title="Template:Ken Thompson navbox">
  <span title="View this template" style=";;background:none transparent;border:none;;">
   v
  </span>
 </a>
</li>
<li>
 <a href="/wiki/Unix" title="Unix">
  Unix
 </a>
</li>
<li>
 <a href="/wiki/B_(programming_language)" title="B (programming language)">
  B
 </a>
</li>
<li>
 <a href="/wiki/Belle_(chess_machine)" title="Belle (chess machine)">
  Belle
 </a>
</li>
<li>
 <a href="/wiki/UTF-8" title="UTF-8">
  UTF-8
 </a>
</li>
