<li>
 <a href="/wiki/List_of_mergers_and_acquisitions_by_Google" title="List of mergers and acquisitions by Google">
  List of mergers and acquisitions
 </a>
</li>
<li>
 <a href="/wiki/AdMob" title="AdMob">
  AdMob
 </a>
</li>
<li>
 <a href="/wiki/Google_Apps_Script" title="Google Apps Script">
  Apps Script
 </a>
</li>
<li>
 <a href="/wiki/Gmail_interface" title="Gmail interface">
  interface
 </a>
</li>
<li>
 <a href="/wiki/Google_Chrome_for_iOS" title="Google Chrome for iOS" class="mw-redirect">
  for iOS
 </a>
</li>
<li>
 <a href="/wiki/Chrome_OS" title="Chrome OS">
  Chrome OS
 </a>
 <ul>
  <li>
   <a href="/wiki/Chromebook" title="Chromebook">
    Chromebook
   </a>
  </li>
  <li>
   <a href="/wiki/Chromebox" title="Chromebox">
    Chromebox
   </a>
  </li>
  <li>
   <a href="/wiki/Chrome_Zone" title="Chrome Zone">
    Chrome Zone
   </a>
  </li>
 </ul>
</li>
<li>
 <a href="/wiki/Google_Moon" title="Google Moon">
  Moon
 </a>
</li>
<li>
 <a href="/wiki/Google_Japanese_Input" title="Google Japanese Input">
  Japanese
 </a>
</li>
<li>
 <a href="/wiki/Android_(operating_system)" title="Android (operating system)">
  Android
 </a>
 <ul>
  <li>
   <a href="/wiki/Android_version_history" title="Android version history">
    Version history
   </a>
  </li>
  <li>
   <a href="/wiki/Android_software_development" title="Android software development">
    Software development
   </a>
  </li>
 </ul>
</li>
<li>
 <a href="/wiki/App_Inventor_for_Android" title="App Inventor for Android">
  App Inventor
 </a>
</li>
<li>
 <a href="/wiki/Google_Bookmarks" title="Google Bookmarks">
  Bookmarks
 </a>
</li>
<li>
 <a href="/wiki/Google_Audio_Indexing" title="Google Audio Indexing">
  Audio
 </a>
</li>
<li>
 <a href="/wiki/Google_eBooks" title="Google eBooks">
  eBooks
 </a>
</li>
<li>
 <a href="/wiki/Google_Street_View_privacy_concerns" title="Google Street View privacy concerns">
  Privacy concerns
 </a>
</li>
<li>
 <a href="/wiki/Google_Personalized_Search" title="Google Personalized Search">
  Personalized
 </a>
</li>
<li>
 <a href="/wiki/Google_Panda" title="Google Panda">
  Panda
 </a>
</li>
<li>
 <a href="/wiki/Google_Trends" title="Google Trends">
  Trends
 </a>
</li>
<li>
 <a href="/wiki/Google_Answers" title="Google Answers">
  Answers
 </a>
</li>
<li>
 <a href="/wiki/AI_Challenge" title="AI Challenge">
  AI Challenge
 </a>
</li>
<li>
 <a href="/wiki/List_of_Google_Doodles_in_2010" title="List of Google Doodles in 2010">
  2010
 </a>
</li>
<li>
 <a href="/wiki/Project_Loon" title="Project Loon">
  Loon
 </a>
</li>
<li>
 <a href="/wiki/Eric_Schmidt" title="Eric Schmidt">
  Eric Schmidt
 </a>
</li>
<li>
 <a href="/wiki/Inferno_(operating_system)" title="Inferno (operating system)">
  Inferno
 </a>
</li>
<li>
 <a href="/wiki/Limbo_(programming_language)" title="Limbo (programming language)">
  Limbo
 </a>
</li>
<li>
 <a href="/wiki/Blit_(computer_terminal)" title="Blit (computer terminal)">
  Blit
 </a>
</li>
<li>
 <i>
  <a href="/wiki/The_Unix_Programming_Environment" title="The Unix Programming Environment">
   The Unix Programming Environment
  </a>
 </i>
</li>
<li>
 <a href="/wiki/Mark_V_Shaney" title="Mark V Shaney">
  Mark V Shaney
 </a>
</li>
<li>
 <a href="/wiki/Plan_9_from_Bell_Labs" title="Plan 9 from Bell Labs">
  Plan 9 from Bell Labs
 </a>
</li>
<li>
 <a href="/wiki/Bon_(programming_language)" title="Bon (programming language)">
  Bon
 </a>
</li>
<li>
 <a href="/wiki/Ed_(text_editor)" title="Ed (text editor)">
  ed
 </a>
</li>
