<li>
 <a href="/wiki/List_of_Google_products" title="List of Google products">
  Products
 </a>
</li>
<li>
 <a href="/wiki/Adscape" title="Adscape">
  Adscape
 </a>
</li>
<li>
 <a href="/wiki/Google_Calendar" title="Google Calendar">
  Calendar
 </a>
</li>
<li>
 <a href="/wiki/Chrome_Web_Store" title="Chrome Web Store">
  Chrome Web Store
 </a>
</li>
<li>
 <a href="/wiki/Chrome_Zone" title="Chrome Zone">
  Chrome Zone
 </a>
</li>
<li>
 <a href="/wiki/Google_Cloud_Print" title="Google Cloud Print">
  Cloud Print
 </a>
</li>
<li>
 <a href="/wiki/Google_Mars" title="Google Mars">
  Mars
 </a>
</li>
<li>
 <a href="/wiki/Google_App_Engine" title="Google App Engine">
  App Engine
 </a>
</li>
<li>
 <a href="/wiki/AtGoogleTalks" title="AtGoogleTalks">
  AtGoogleTalks
 </a>
</li>
<li>
 <a href="/wiki/Google_Docs" title="Google Docs">
  Docs
 </a>
</li>
<li>
 <a href="/wiki/Google_Blog_Search" title="Google Blog Search">
  Blog Search
 </a>
</li>
<li>
 <a href="/wiki/Competition_of_Google_Street_View" title="Competition of Google Street View" class="mw-redirect">
  Competition
 </a>
</li>
<li>
 <a href="/wiki/Google_Real-Time_Search" title="Google Real-Time Search">
  Real-Time
 </a>
</li>
<li>
 <a href="/wiki/Google_Penguin" title="Google Penguin">
  Penguin
 </a>
</li>
<li>
 <a href="/wiki/Knowledge_Graph" title="Knowledge Graph">
  Knowledge Graph
 </a>
</li>
<li>
 <a href="/wiki/Google_Browser_Sync" title="Google Browser Sync">
  Browser Sync
 </a>
</li>
<li>
 <a href="/wiki/Google_Art_Project" title="Google Art Project">
  Art Project
 </a>
</li>
<li>
 <a href="/wiki/List_of_Google_Doodles_in_2011" title="List of Google Doodles in 2011">
  2011
 </a>
</li>
<li>
 <a href="/wiki/Project_Tango" title="Project Tango">
  Tango
 </a>
</li>
<li>
 <a href="/wiki/Sergey_Brin" title="Sergey Brin">
  Sergey Brin
 </a>
</li>
<li>
 <strong class="selflink">
  Go
 </strong>
</li>
<li>
 <a href="/wiki/Sam_(text_editor)" title="Sam (text editor)">
  sam
 </a>
</li>
<li>
 <a href="/wiki/UTF-8" title="UTF-8">
  UTF-8
 </a>
</li>
<li>
 <strong class="selflink">
  Go
 </strong>
</li>
<li>
 <a href="/wiki/Sam_(text_editor)" title="Sam (text editor)">
  sam
 </a>
</li>
