<li>
 <a href="/wiki/List_of_Google_hoaxes_and_easter_eggs" title="List of Google hoaxes and easter eggs">
  Hoaxes
 </a>
</li>
<li>
 <a href="/wiki/Google_Wallet" title="Google Wallet">
  Wallet
 </a>
</li>
<li>
 <a href="/wiki/Gmail_interface" title="Gmail interface">
  interface
 </a>
</li>
<li>
 <a href="/wiki/Google_Voice" title="Google Voice">
  Voice
 </a>
</li>
<li>
 <a href="/wiki/Google_Chrome_Extensions" title="Google Chrome Extensions">
  Extensions
 </a>
</li>
<li>
 <a href="/wiki/Chrome_Zone" title="Chrome Zone">
  Chrome Zone
 </a>
</li>
<li>
 <a href="/wiki/Google_Mars" title="Google Mars">
  Mars
 </a>
</li>
<li>
 <a href="/wiki/Google_Japanese_Input" title="Google Japanese Input">
  Japanese
 </a>
</li>
<li>
 <a href="/wiki/Google_Toolbar" title="Google Toolbar">
  Toolbar
 </a>
</li>
<li>
 <a href="/wiki/Android_software_development" title="Android software development">
  Software development
 </a>
</li>
<li>
 <a href="/wiki/Google_Classroom" title="Google Classroom">
  Classroom
 </a>
</li>
<li>
 <a href="/wiki/Google_Wallet" title="Google Wallet">
  Wallet
 </a>
</li>
<li>
 <a href="/wiki/Google_Swiffy" title="Google Swiffy">
  Swiffy
 </a>
</li>
<li>
 <a href="/wiki/Zagat" title="Zagat">
  Zagat
 </a>
</li>
<li>
 <a href="/wiki/Google_eBooks" title="Google eBooks">
  eBooks
 </a>
</li>
<li>
 <a href="/wiki/Google_Street_View" title="Google Street View">
  Street View
 </a>
 <ul>
  <li>
   <a href="/wiki/Timeline_of_Google_Street_View" title="Timeline of Google Street View">
    Timeline
   </a>
  </li>
  <li>
   <a href="/wiki/Google_Street_View_privacy_concerns" title="Google Street View privacy concerns">
    Privacy concerns
   </a>
  </li>
  <li>
   <a href="/wiki/Competition_of_Google_Street_View" title="Competition of Google Street View" class="mw-redirect">
    Competition
   </a>
  </li>
  <li>
   <a href="/wiki/Locations_of_Google_Street_View" title="Locations of Google Street View" class="mw-redirect">
    Locations
   </a>
  </li>
 </ul>
</li>
<li>
 <a href="/wiki/Google_News_Archive" title="Google News Archive">
  Archive
 </a>
</li>
<li>
 <a href="/wiki/Google_Search" title="Google Search">
  Web Search
 </a>
 <ul>
  <li>
   <a href="/wiki/Google_Web_History" title="Google Web History">
    History
   </a>
  </li>
  <li>
   <a href="/wiki/Google_Personalized_Search" title="Google Personalized Search">
    Personalized
   </a>
  </li>
  <li>
   <a href="/wiki/Google_Real-Time_Search" title="Google Real-Time Search">
    Real-Time
   </a>
  </li>
  <li>
   <a href="/wiki/Google_Search#Instant_Search" title="Google Search">
    Instant Search
   </a>
  </li>
  <li>
   <a href="/wiki/SafeSearch" title="SafeSearch">
    SafeSearch
   </a>
  </li>
 </ul>
</li>
<li>
 <a href="/wiki/Google_Hummingbird" title="Google Hummingbird">
  Hummingbird
 </a>
</li>
<li>
 <a href="/wiki/Knowledge_Graph" title="Knowledge Graph">
  Knowledge Graph
 </a>
</li>
<li>
 <a href="/wiki/Orkut" title="Orkut">
  Orkut
 </a>
</li>
<li>
 <a href="/wiki/Google_Takeout" title="Google Takeout">
  Takeout
 </a>
</li>
<li>
 <a href="/wiki/List_of_Google_Doodles_in_2014" title="List of Google Doodles in 2014">
  2014
 </a>
</li>
<li>
 <a href="/wiki/Google_X" title="Google X">
  X
 </a>
</li>
<li>
 <a href="/wiki/Project_Tango" title="Project Tango">
  Tango
 </a>
</li>
<li>
 <a href="/wiki/Alan_Mulally" title="Alan Mulally">
  Alan Mulally
 </a>
</li>
<li>
 <a href="/wiki/Inferno_(operating_system)" title="Inferno (operating system)">
  Inferno
 </a>
</li>
<li>
 <a href="/wiki/Sawzall_(programming_language)" title="Sawzall (programming language)">
  Sawzall
 </a>
</li>
<li>
 <a href="/wiki/8%C2%BD_(Plan_9)" title="8½ (Plan 9)">
  8½
 </a>
</li>
<li>
 <i>
  <a href="/wiki/The_Unix_Programming_Environment" title="The Unix Programming Environment">
   The Unix Programming Environment
  </a>
 </i>
</li>
<li>
 <a href="/wiki/UTF-8" title="UTF-8">
  UTF-8
 </a>
</li>
<li>
 <a href="/wiki/Plan_9_from_Bell_Labs" title="Plan 9 from Bell Labs">
  Plan 9 from Bell Labs
 </a>
</li>
<li>
 <strong class="selflink">
  Go
 </strong>
</li>
<li>
 <i>
  <a href="/wiki/Space_Travel_(video_game)" title="Space Travel (video game)">
   Space Travel
  </a>
 </i>
</li>
<li>
 <a href="/wiki/UTF-8" title="UTF-8">
  UTF-8
 </a>
</li>
