<li>
 <a href="/wiki/List_of_Google_domains" title="List of Google domains">
  Domains
 </a>
</li>
<li>
 <a href="/wiki/Google_Offers" title="Google Offers">
  Offers
 </a>
</li>
<li>
 <a href="/wiki/History_of_Gmail" title="History of Gmail">
  history
 </a>
</li>
<li>
 <a href="/wiki/Google_transliteration" title="Google transliteration">
  Transliteration
 </a>
</li>
<li>
 <a href="/wiki/Google_Chrome_Apps" title="Google Chrome Apps">
  Apps
 </a>
</li>
<li>
 <a href="/wiki/Chromebox" title="Chromebox">
  Chromebox
 </a>
</li>
<li>
 <a href="/wiki/Google_Moon" title="Google Moon">
  Moon
 </a>
</li>
<li>
 <a href="/wiki/Google_Pinyin" title="Google Pinyin">
  Pinyin
 </a>
</li>
<li>
 <a href="/wiki/OpenRefine" title="OpenRefine">
  OpenRefine
 </a>
</li>
<li>
 <a href="/wiki/Android_version_history" title="Android version history">
  Version history
 </a>
</li>
<li>
 <a href="/wiki/Google_TV" title="Google TV">
  Google TV
 </a>
</li>
<li>
 <a href="/wiki/Google_Website_Optimizer" title="Google Website Optimizer">
  Website Optimizer
 </a>
</li>
<li>
 <a href="/wiki/YouTube" title="YouTube">
  YouTube
 </a>
 (
 <a href="/wiki/Vevo" title="Vevo">
  Vevo
 </a>
 )
</li>
<li>
 <a href="/wiki/Google_Books_Library_Project" title="Google Books Library Project">
  Library Project
 </a>
</li>
<li>
 <a href="/wiki/Competition_of_Google_Street_View" title="Competition of Google Street View" class="mw-redirect">
  Competition
 </a>
</li>
<li>
 <a href="/wiki/Google_Voice_Search" title="Google Voice Search">
  Voice Search
 </a>
</li>
<li>
 <a href="/wiki/Google_Search#Instant_Search" title="Google Search">
  Instant Search
 </a>
</li>
<li>
 <a href="/wiki/Google_Penguin" title="Google Penguin">
  Penguin
 </a>
</li>
<li>
 <a href="/wiki/Google_Trends" title="Google Trends">
  Trends
 </a>
</li>
<li>
 <a href="/wiki/Google_Web_Accelerator" title="Google Web Accelerator">
  Web Accelerator
 </a>
</li>
<li>
 <a href="/wiki/List_of_Google_Doodles_in_2013" title="List of Google Doodles in 2013">
  2013
 </a>
</li>
<li>
 <a href="/wiki/Google_WiFi" title="Google WiFi">
  WiFi
 </a>
</li>
<li>
 <a href="/wiki/Project_Loon" title="Project Loon">
  Loon
 </a>
</li>
<li>
 <a href="/wiki/Vint_Cerf" title="Vint Cerf">
  Vint Cerf
 </a>
</li>
<li>
 <a href="/wiki/Plan_9_from_Bell_Labs" title="Plan 9 from Bell Labs">
  Plan 9 from Bell Labs
 </a>
</li>
<li>
 <strong class="selflink">
  Go
 </strong>
</li>
<li>
 <a href="/wiki/Rio_(windowing_system)" title="Rio (windowing system)">
  rio
 </a>
</li>
<li>
 <i>
  <a href="/wiki/The_Practice_of_Programming" title="The Practice of Programming">
   The Practice of Programming
  </a>
 </i>
</li>
<li>
 <a href="/wiki/Mark_V_Shaney" title="Mark V Shaney">
  Mark V Shaney
 </a>
</li>
<li>
 <a href="/wiki/Unix" title="Unix">
  Unix
 </a>
</li>
<li>
 <a href="/wiki/Bon_(programming_language)" title="Bon (programming language)">
  Bon
 </a>
</li>
<li>
 <a href="/wiki/Sam_(text_editor)" title="Sam (text editor)">
  sam
 </a>
</li>
