<li>
 <a href="/wiki/Censorship_by_Google" title="Censorship by Google">
  Censorship
 </a>
</li>
<li>
 <a href="/wiki/DoubleClick" title="DoubleClick">
  DoubleClick
 </a>
</li>
<li>
 <a href="/wiki/Google_Translate" title="Google Translate">
  Translate
 </a>
</li>
<li>
 <a href="/wiki/Chrome_Web_Store" title="Chrome Web Store">
  Chrome Web Store
 </a>
</li>
<li>
 <a href="/wiki/Chromebook" title="Chromebook">
  Chromebook
 </a>
</li>
<li>
 <a href="/wiki/Google_Sky" title="Google Sky">
  Sky
 </a>
</li>
<li>
 <a href="/wiki/Google_Play_Newsstand" title="Google Play Newsstand" class="mw-redirect">
  Play Newsstand
 </a>
</li>
<li>
 <a href="/wiki/Google_Questions_and_Answers" title="Google Questions and Answers">
  Q &amp; A
 </a>
</li>
<li>
 <a href="/wiki/Google_Webmaster_Tools" title="Google Webmaster Tools">
  Webmaster Tools
 </a>
</li>
<li>
 <a href="/wiki/Google_Sites" title="Google Sites">
  Sites (JotSpot)
 </a>
</li>
<li>
 <a href="/wiki/Google_Street_View_privacy_concerns" title="Google Street View privacy concerns">
  Privacy concerns
 </a>
</li>
<li>
 <a href="/wiki/Google_Groups" title="Google Groups">
  Usenet
 </a>
</li>
<li>
 <a href="/wiki/Google_Real-Time_Search" title="Google Real-Time Search">
  Real-Time
 </a>
</li>
<li>
 <a href="/wiki/Google_Panda" title="Google Panda">
  Panda
 </a>
</li>
<li>
 <a href="/wiki/Google_Insights_for_Search" title="Google Insights for Search">
  Insights for Search
 </a>
</li>
<li>
 <a href="/wiki/Apache_Wave" title="Apache Wave">
  Wave
 </a>
</li>
<li>
 <a href="/wiki/List_of_Google_Doodles_in_2012" title="List of Google Doodles in 2012">
  2012
 </a>
</li>
<li>
 <a href="/wiki/Google_Ventures" title="Google Ventures">
  Ventures
 </a>
</li>
<li>
 <a href="/wiki/Project_Ara" title="Project Ara">
  Ara
 </a>
</li>
<li>
 <a href="/wiki/Rajen_Sheth" title="Rajen Sheth">
  Rajen Sheth
 </a>
</li>
<li>
 <a href="/wiki/Limbo_(programming_language)" title="Limbo (programming language)">
  Limbo
 </a>
</li>
<li>
 <a href="/wiki/Sam_(text_editor)" title="Sam (text editor)">
  sam
 </a>
</li>
<li>
 <a href="/wiki/Ren%C3%A9e_French" title="Renée French">
  Renée French
 </a>
</li>
<li>
 <a href="/wiki/B_(programming_language)" title="B (programming language)">
  B
 </a>
</li>
<li>
 <a href="/wiki/Ed_(text_editor)" title="Ed (text editor)">
  ed
 </a>
</li>
