<li>
 <a href="/wiki/History_of_Google" title="History of Google">
  History
 </a>
</li>
<li>
 <a href="/wiki/Criticism_of_Google" title="Criticism of Google">
  Criticism
 </a>
</li>
<li>
 <a href="/wiki/List_of_Google_hoaxes_and_easter_eggs" title="List of Google hoaxes and easter eggs">
  Hoaxes
 </a>
</li>
<li>
 <a href="/wiki/DoubleClick_for_Publishers_by_Google" title="DoubleClick for Publishers by Google">
  Ad Manager
 </a>
</li>
<li>
 <a href="/wiki/AdSense" title="AdSense">
  AdSense
 </a>
</li>
<li>
 <a href="/wiki/Google_Analytics" title="Google Analytics">
  Analytics
 </a>
</li>
<li>
 <a href="/wiki/Google_Wallet" title="Google Wallet">
  Wallet
 </a>
</li>
<li>
 <a href="/wiki/Google_Alerts" title="Google Alerts">
  Alerts
 </a>
</li>
<li>
 <a href="/wiki/Google_Contacts" title="Google Contacts">
  Contacts
 </a>
</li>
<li>
 <a href="/wiki/History_of_Gmail" title="History of Gmail">
  history
 </a>
</li>
<li>
 <a href="/wiki/Google%2B" title="Google+">
  Google+
 </a>
</li>
<li>
 <a href="/wiki/Google_Inbox" title="Google Inbox">
  Inbox
 </a>
</li>
<li>
 <a href="/wiki/Google_Text-to-Speech" title="Google Text-to-Speech">
  Text-to-Speech
 </a>
</li>
<li>
 <a href="/wiki/Google_Voice" title="Google Voice">
  Voice
 </a>
</li>
<li>
 <a href="/wiki/Google_Chrome" title="Google Chrome">
  Chrome
 </a>
 <ul>
  <li>
   <a href="/wiki/Google_Chrome_for_Android" title="Google Chrome for Android">
    for Android
   </a>
  </li>
  <li>
   <a href="/wiki/Google_Chrome_for_iOS" title="Google Chrome for iOS" class="mw-redirect">
    for iOS
   </a>
  </li>
  <li>
   <a href="/wiki/Chrome_Web_Store" title="Chrome Web Store">
    Chrome Web Store
   </a>
  </li>
  <li>
   <a href="/wiki/Google_Chrome_Apps" title="Google Chrome Apps">
    Apps
   </a>
  </li>
  <li>
   <a href="/wiki/Google_Chrome_Extensions" title="Google Chrome Extensions">
    Extensions
   </a>
  </li>
 </ul>
</li>
<li>
 <a href="/wiki/Chromebook" title="Chromebook">
  Chromebook
 </a>
</li>
<li>
 <a href="/wiki/Google_Earth" title="Google Earth">
  Earth
 </a>
 <ul>
  <li>
   <a href="/wiki/Google_Sky" title="Google Sky">
    Sky
   </a>
  </li>
  <li>
   <a href="/wiki/Google_Moon" title="Google Moon">
    Moon
   </a>
  </li>
  <li>
   <a href="/wiki/Google_Mars" title="Google Mars">
    Mars
   </a>
  </li>
 </ul>
</li>
<li>
 <a href="/wiki/Google_IME" title="Google IME">
  IME
 </a>
 <ul>
  <li>
   <a href="/wiki/Google_Pinyin" title="Google Pinyin">
    Pinyin
   </a>
  </li>
  <li>
   <a href="/wiki/Google_Japanese_Input" title="Google Japanese Input">
    Japanese
   </a>
  </li>
 </ul>
</li>
<li>
 <a href="/wiki/Google_Now" title="Google Now">
  Now
 </a>
</li>
<li>
 <a href="/wiki/Google_Play_Newsstand" title="Google Play Newsstand" class="mw-redirect">
  Play Newsstand
 </a>
</li>
<li>
 <a href="/wiki/Google_Account" title="Google Account">
  Account
 </a>
</li>
<li>
 <a href="/wiki/Android_version_history" title="Android version history">
  Version history
 </a>
</li>
<li>
 <a href="/wiki/Google_Apps" title="Google Apps" class="mw-redirect">
  Apps
 </a>
 <ul>
  <li>
   <a href="/wiki/Google_Classroom" title="Google Classroom">
    Classroom
   </a>
  </li>
 </ul>
</li>
<li>
 <a href="/wiki/Zygote_Body" title="Zygote Body">
  Body
 </a>
</li>
<li>
 <a href="/wiki/Google_Cardboard" title="Google Cardboard">
  Cardboard
 </a>
</li>
<li>
 <a href="/wiki/Google_Contact_Lens" title="Google Contact Lens">
  Contact Lens
 </a>
</li>
<li>
 <a href="/wiki/Google_Earth_Engine" title="Google Earth Engine">
  Earth Engine
 </a>
</li>
<li>
 <strong class="selflink">
  Go
 </strong>
</li>
<li>
 <a href="/wiki/Google_Native_Client" title="Google Native Client">
  Native Client
 </a>
</li>
<li>
 <a href="/wiki/Google_Play" title="Google Play">
  Play
 </a>
</li>
<li>
 <a href="/wiki/Google_TV" title="Google TV">
  Google TV
 </a>
</li>
<li>
 <a href="/wiki/Google_APIs" title="Google APIs">
  AJAX APIs
 </a>
</li>
<li>
 <a href="/wiki/Google_Closure_Tools" title="Google Closure Tools">
  Closure Tools
 </a>
</li>
<li>
 <a href="/wiki/GData" title="GData">
  GData
 </a>
</li>
<li>
 <a href="/wiki/Google_Guice" title="Google Guice">
  Guice
 </a>
</li>
<li>
 <a href="/wiki/MapReduce" title="MapReduce">
  MapReduce
 </a>
</li>
<li>
 <a href="/wiki/Google_Web_Toolkit" title="Google Web Toolkit">
  Web Toolkit
 </a>
</li>
<li>
 <a href="/wiki/Google_Swiffy" title="Google Swiffy">
  Swiffy
 </a>
</li>
<li>
 <a href="/wiki/Blogger_(service)" title="Blogger (service)">
  Blogger
 </a>
</li>
<li>
 <a href="/wiki/Google_Drive" title="Google Drive">
  Drive
 </a>
</li>
<li>
 <a href="/wiki/Panoramio" title="Panoramio">
  Panoramio
 </a>
</li>
<li>
 <a href="/wiki/YouTube" title="YouTube">
  YouTube
 </a>
 (
 <a href="/wiki/Vevo" title="Vevo">
  Vevo
 </a>
 )
</li>
<li>
 <a href="/wiki/Google_Search_Appliance" title="Google Search Appliance">
  Appliance
 </a>
</li>
<li>
 <a href="/wiki/Google_Books" title="Google Books">
  Books
 </a>
 <ul>
  <li>
   <a href="/wiki/Google_Books_Library_Project" title="Google Books Library Project">
    Library Project
   </a>
  </li>
  <li>
   <a href="/wiki/Google_eBooks" title="Google eBooks">
    eBooks
   </a>
  </li>
 </ul>
</li>
<li>
 <a href="/wiki/Google_Maps" title="Google Maps">
  Maps
 </a>
 <ul>
  <li>
   <a href="/wiki/Google_Street_View" title="Google Street View">
    Street View
   </a>
   <ul>
    <li>
     <a href="/wiki/Timeline_of_Google_Street_View" title="Timeline of Google Street View">
      Timeline
     </a>
    </li>
    <li>
     <a href="/wiki/Google_Street_View_privacy_concerns" title="Google Street View privacy concerns">
      Privacy concerns
     </a>
    </li>
    <li>
     <a href="/wiki/Competition_of_Google_Street_View" title="Competition of Google Street View" class="mw-redirect">
      Competition
     </a>
    </li>
    <li>
     <a href="/wiki/Locations_of_Google_Street_View" title="Locations of Google Street View" class="mw-redirect">
      Locations
     </a>
    </li>
   </ul>
  </li>
 </ul>
</li>
<li>
 <a href="/wiki/Google_News_Archive" title="Google News Archive">
  Archive
 </a>
</li>
<li>
 <a href="/wiki/Google_Scholar" title="Google Scholar">
  Scholar
 </a>
</li>
<li>
 <a href="/wiki/Google_Voice_Search" title="Google Voice Search">
  Voice Search
 </a>
</li>
<li>
 <a href="/wiki/Google_Web_History" title="Google Web History">
  History
 </a>
</li>
<li>
 <a href="/wiki/Google_Search#Instant_Search" title="Google Search">
  Instant Search
 </a>
</li>
<li>
 <a href="/wiki/PageRank" title="PageRank">
  PageRank
 </a>
</li>
<li>
 <a href="/wiki/Google_Hummingbird" title="Google Hummingbird">
  Hummingbird
 </a>
</li>
<li>
 <a href="/wiki/Google_Insights_for_Search" title="Google Insights for Search">
  Insights for Search
 </a>
</li>
<li>
 <a href="/wiki/Aardvark_(search_engine)" title="Aardvark (search engine)">
  Aardvark
 </a>
</li>
<li>
 <a href="/wiki/Google_Base" title="Google Base">
  Base
 </a>
</li>
<li>
 <a href="/wiki/Google_Chrome_Frame" title="Google Chrome Frame">
  Chrome Frame
 </a>
</li>
<li>
 <a href="/wiki/Google_Code_Search" title="Google Code Search">
  Code Search
 </a>
</li>
<li>
 <a href="/wiki/Google_Dictionary" title="Google Dictionary">
  Dictionary
 </a>
</li>
<li>
 <a href="/wiki/Gears_(software)" title="Gears (software)">
  Gears
 </a>
</li>
<li>
 <a href="/wiki/Knol" title="Knol">
  Knol
 </a>
</li>
<li>
 <a href="/wiki/Google_Image_Labeler" title="Google Image Labeler">
  Image Labeler
 </a>
</li>
<li>
 <a href="/wiki/Google_Lively" title="Google Lively">
  Lively
 </a>
</li>
<li>
 <a href="/wiki/Google_Pack" title="Google Pack">
  Pack
 </a>
</li>
<li>
 <a href="/wiki/Google_PowerMeter" title="Google PowerMeter">
  PowerMeter
 </a>
</li>
<li>
 <a href="/wiki/Google_SearchWiki" title="Google SearchWiki">
  SearchWiki
 </a>
</li>
<li>
 <a href="/wiki/Google_Squared" title="Google Squared">
  Squared
 </a>
</li>
<li>
 <a href="/wiki/Google_Videos" title="Google Videos">
  Videos
 </a>
</li>
<li>
 <a href="/wiki/Google_Web_Accelerator" title="Google Web Accelerator">
  Web Accelerator
 </a>
</li>
<li>
 <a href="/wiki/111_Eighth_Avenue" title="111 Eighth Avenue">
  111 Eighth Avenue
 </a>
</li>
<li>
 <a href="/wiki/Google_bomb" title="Google bomb">
  Bomb
 </a>
</li>
<li>
 <a href="/wiki/Google_Chrome_Experiments" title="Google Chrome Experiments">
  Chrome Experiments
 </a>
</li>
<li>
 <a href="/wiki/Google_Business_Groups" title="Google Business Groups">
  Google Business Groups
 </a>
</li>
<li>
 <a href="/wiki/Google_Takeout" title="Google Takeout">
  Takeout
 </a>
</li>
<li>
 <a href="/wiki/Google_Enterprise" title="Google Enterprise">
  Google Enterprise
 </a>
</li>
<li>
 <a href="/wiki/Google.org#Google_Foundation" title="Google.org">
  Foundation
 </a>
</li>
<li>
 <a href="/wiki/Googlization" title="Googlization">
  Googlization
 </a>
</li>
<li>
 <a href="/wiki/Googleplex" title="Googleplex">
  Googleplex
 </a>
</li>
<li>
 <a href="/wiki/Google_I/O" title="Google I/O">
  I/O
 </a>
</li>
<li>
 <a href="/wiki/List_of_Google_Doodles_(1998%E2%80%932009)" title="List of Google Doodles (1998–2009)">
  1998–2009
 </a>
</li>
<li>
 <a href="/wiki/List_of_Google_Doodles_in_2012" title="List of Google Doodles in 2012">
  2012
 </a>
</li>
<li>
 <a href="/wiki/Google_Lunar_X_Prize" title="Google Lunar X Prize">
  Lunar X Prize
 </a>
</li>
<li>
 <a href="/wiki/Motorola_Mobility" title="Motorola Mobility">
  Motorola Mobility
 </a>
</li>
<li>
 <a href="/wiki/Unity_(cable_system)" title="Unity (cable system)">
  Unity
 </a>
</li>
<li>
 <a href="/wiki/Google_X" title="Google X">
  X
 </a>
</li>
<li>
 <a href="/wiki/Project_Ara" title="Project Ara">
  Ara
 </a>
</li>
<li>
 <a href="/wiki/Larry_Page" title="Larry Page">
  Larry Page
 </a>
</li>
<li>
 <a href="/wiki/John_Doerr" title="John Doerr">
  John Doerr
 </a>
</li>
<li>
 <a href="/wiki/Ann_Mather" title="Ann Mather">
  Ann Mather
 </a>
</li>
<li>
 <a href="/wiki/Shirley_M._Tilghman" title="Shirley M. Tilghman">
  Shirley M. Tilghman
 </a>
</li>
<li>
 <a href="/wiki/Rajen_Sheth" title="Rajen Sheth">
  Rajen Sheth
 </a>
</li>
<li>
 <a href="/wiki/Plan_9_from_Bell_Labs" title="Plan 9 from Bell Labs">
  Plan 9 from Bell Labs
 </a>
</li>
<li>
 <a href="/wiki/Newsqueak" title="Newsqueak">
  Newsqueak
 </a>
</li>
<li>
 <a href="/wiki/Sawzall_(programming_language)" title="Sawzall (programming language)">
  Sawzall
 </a>
</li>
<li>
 <a href="/wiki/Acme_(text_editor)" title="Acme (text editor)">
  acme
 </a>
</li>
<li>
 <a href="/wiki/Rio_(windowing_system)" title="Rio (windowing system)">
  rio
 </a>
</li>
<li>
 <i>
  <a href="/wiki/The_Practice_of_Programming" title="The Practice of Programming">
   The Practice of Programming
  </a>
 </i>
</li>
<li>
 <a href="/wiki/Ren%C3%A9e_French" title="Renée French">
  Renée French
 </a>
</li>
<li>
 <a href="/wiki/Unix" title="Unix">
  Unix
 </a>
</li>
<li>
 <a href="/wiki/B_(programming_language)" title="B (programming language)">
  B
 </a>
</li>
<li>
 <a href="/wiki/Belle_(chess_machine)" title="Belle (chess machine)">
  Belle
 </a>
</li>
<li>
 <i>
  <a href="/wiki/Space_Travel_(video_game)" title="Space Travel (video game)">
   Space Travel
  </a>
 </i>
</li>
<li>
 <a href="/wiki/UTF-8" title="UTF-8">
  UTF-8
 </a>
</li>
