<li>
 <a href="/wiki/History_of_Google" title="History of Google">
  History
 </a>
</li>
<li>
 <a href="/wiki/Criticism_of_Google" title="Criticism of Google">
  Criticism
 </a>
</li>
<li>
 <a href="/wiki/List_of_Google_hoaxes_and_easter_eggs" title="List of Google hoaxes and easter eggs">
  Hoaxes
 </a>
</li>
<li>
 <a href="/wiki/DoubleClick_for_Publishers_by_Google" title="DoubleClick for Publishers by Google">
  Ad Manager
 </a>
</li>
<li>
 <a href="/wiki/AdSense" title="AdSense">
  AdSense
 </a>
</li>
<li>
 <a href="/wiki/Google_Analytics" title="Google Analytics">
  Analytics
 </a>
</li>
<li>
 <a href="/wiki/Google_Wallet" title="Google Wallet">
  Wallet
 </a>
</li>
<li>
 <a href="/wiki/Google_Alerts" title="Google Alerts">
  Alerts
 </a>
</li>
<li>
 <a href="/wiki/Google_Contacts" title="Google Contacts">
  Contacts
 </a>
</li>
<li>
 <a href="/wiki/Gmail_interface" title="Gmail interface">
  interface
 </a>
</li>
<li>
 <a href="/wiki/Google%2B" title="Google+">
  Google+
 </a>
</li>
<li>
 <a href="/wiki/Google_Inbox" title="Google Inbox">
  Inbox
 </a>
</li>
<li>
 <a href="/wiki/Google_Text-to-Speech" title="Google Text-to-Speech">
  Text-to-Speech
 </a>
</li>
<li>
 <a href="/wiki/Google_Voice" title="Google Voice">
  Voice
 </a>
</li>
<li>
 <a href="/wiki/Google_Chrome_for_iOS" title="Google Chrome for iOS" class="mw-redirect">
  for iOS
 </a>
</li>
<li>
 <a href="/wiki/Google_Chrome_Extensions" title="Google Chrome Extensions">
  Extensions
 </a>
</li>
<li>
 <a href="/wiki/Chrome_Zone" title="Chrome Zone">
  Chrome Zone
 </a>
</li>
<li>
 <a href="/wiki/Google_Cloud_Print" title="Google Cloud Print">
  Cloud Print
 </a>
</li>
<li>
 <a href="/wiki/Google_Mars" title="Google Mars">
  Mars
 </a>
</li>
<li>
 <a href="/wiki/Google_Goggles" title="Google Goggles">
  Goggles
 </a>
</li>
<li>
 <a href="/wiki/Google_Japanese_Input" title="Google Japanese Input">
  Japanese
 </a>
</li>
<li>
 <a href="/wiki/Google_News_%26_Weather" title="Google News &amp; Weather">
  News &amp; Weather
 </a>
</li>
<li>
 <a href="/wiki/Google_Play_Games" title="Google Play Games" class="mw-redirect">
  Play Games
 </a>
</li>
<li>
 <a href="/wiki/Google_Toolbar" title="Google Toolbar">
  Toolbar
 </a>
</li>
<li>
 <a href="/wiki/Android_(operating_system)" title="Android (operating system)">
  Android
 </a>
 <ul>
  <li>
   <a href="/wiki/Android_version_history" title="Android version history">
    Version history
   </a>
  </li>
  <li>
   <a href="/wiki/Android_software_development" title="Android software development">
    Software development
   </a>
  </li>
 </ul>
</li>
<li>
 <a href="/wiki/Google_Classroom" title="Google Classroom">
  Classroom
 </a>
</li>
<li>
 <a href="/wiki/Google_Authenticator" title="Google Authenticator">
  Authenticator
 </a>
</li>
<li>
 <a href="/wiki/Google_Books" title="Google Books">
  Books
 </a>
</li>
<li>
 <a href="/wiki/Chromecast" title="Chromecast">
  Chromecast
 </a>
</li>
<li>
 <a href="/wiki/Google_Custom_Search" title="Google Custom Search">
  Custom Search
 </a>
</li>
<li>
 <a href="/wiki/Google_Fit" title="Google Fit">
  Fit
 </a>
</li>
<li>
 <a href="/wiki/Google_File_System" title="Google File System">
  GFS
 </a>
</li>
<li>
 <a href="/wiki/Google_Nexus" title="Google Nexus">
  Nexus
 </a>
</li>
<li>
 <a href="/wiki/Google_Public_DNS" title="Google Public DNS">
  Public DNS
 </a>
</li>
<li>
 <a href="/wiki/Google_Wallet" title="Google Wallet">
  Wallet
 </a>
</li>
<li>
 <a href="/wiki/Google_APIs" title="Google APIs">
  AJAX APIs
 </a>
</li>
<li>
 <a href="/wiki/Google_Closure_Tools" title="Google Closure Tools">
  Closure Tools
 </a>
</li>
<li>
 <a href="/wiki/GData" title="GData">
  GData
 </a>
</li>
<li>
 <a href="/wiki/Google_Guice" title="Google Guice">
  Guice
 </a>
</li>
<li>
 <a href="/wiki/MapReduce" title="MapReduce">
  MapReduce
 </a>
</li>
<li>
 <a href="/wiki/Google_Web_Toolkit" title="Google Web Toolkit">
  Web Toolkit
 </a>
</li>
<li>
 <a href="/wiki/Google_Swiffy" title="Google Swiffy">
  Swiffy
 </a>
</li>
<li>
 <a href="/wiki/Google_Bookmarks" title="Google Bookmarks">
  Bookmarks
 </a>
</li>
<li>
 <a href="/wiki/FeedBurner" title="FeedBurner">
  FeedBurner
 </a>
</li>
<li>
 <a href="/wiki/Picasa#Picasa_Web_Albums" title="Picasa">
  Picasa Web Albums
 </a>
</li>
<li>
 <a href="/wiki/Zagat" title="Zagat">
  Zagat
 </a>
</li>
<li>
 <a href="/wiki/Google_Audio_Indexing" title="Google Audio Indexing">
  Audio
 </a>
</li>
<li>
 <a href="/wiki/Google_eBooks" title="Google eBooks">
  eBooks
 </a>
</li>
<li>
 <a href="/wiki/Google_Finance" title="Google Finance">
  Finance
 </a>
</li>
<li>
 <a href="/wiki/Google_Street_View" title="Google Street View">
  Street View
 </a>
 <ul>
  <li>
   <a href="/wiki/Timeline_of_Google_Street_View" title="Timeline of Google Street View">
    Timeline
   </a>
  </li>
  <li>
   <a href="/wiki/Google_Street_View_privacy_concerns" title="Google Street View privacy concerns">
    Privacy concerns
   </a>
  </li>
  <li>
   <a href="/wiki/Competition_of_Google_Street_View" title="Competition of Google Street View" class="mw-redirect">
    Competition
   </a>
  </li>
  <li>
   <a href="/wiki/Locations_of_Google_Street_View" title="Locations of Google Street View" class="mw-redirect">
    Locations
   </a>
  </li>
 </ul>
</li>
<li>
 <a href="/wiki/Google_News" title="Google News">
  News
 </a>
 <ul>
  <li>
   <a href="/wiki/Google_News_Archive" title="Google News Archive">
    Archive
   </a>
  </li>
 </ul>
</li>
<li>
 <a href="/wiki/Google_Shopping" title="Google Shopping">
  Shopping
 </a>
</li>
<li>
 <a href="/wiki/Google_Search" title="Google Search">
  Web Search
 </a>
 <ul>
  <li>
   <a href="/wiki/Google_Web_History" title="Google Web History">
    History
   </a>
  </li>
  <li>
   <a href="/wiki/Google_Personalized_Search" title="Google Personalized Search">
    Personalized
   </a>
  </li>
  <li>
   <a href="/wiki/Google_Real-Time_Search" title="Google Real-Time Search">
    Real-Time
   </a>
  </li>
  <li>
   <a href="/wiki/Google_Search#Instant_Search" title="Google Search">
    Instant Search
   </a>
  </li>
  <li>
   <a href="/wiki/SafeSearch" title="SafeSearch">
    SafeSearch
   </a>
  </li>
 </ul>
</li>
<li>
 <a href="/wiki/PageRank" title="PageRank">
  PageRank
 </a>
</li>
<li>
 <a href="/wiki/Google_Hummingbird" title="Google Hummingbird">
  Hummingbird
 </a>
</li>
<li>
 <a href="/wiki/Knowledge_Graph" title="Knowledge Graph">
  Knowledge Graph
 </a>
</li>
<li>
 <a href="/wiki/Google_Answers" title="Google Answers">
  Answers
 </a>
</li>
<li>
 <a href="/wiki/Google_Buzz" title="Google Buzz">
  Buzz
 </a>
</li>
<li>
 <a href="/wiki/AdWords#Google_Click-to-Call" title="AdWords">
  Click-to-Call
 </a>
</li>
<li>
 <a href="/wiki/Google_Currents" title="Google Currents">
  Currents
 </a>
</li>
<li>
 <a href="/wiki/Dodgeball_(service)" title="Dodgeball (service)">
  Dodgeball
 </a>
</li>
<li>
 <a href="/wiki/GOOG-411" title="GOOG-411">
  GOOG-411
 </a>
</li>
<li>
 <a href="/wiki/Google_Health" title="Google Health">
  Health
 </a>
</li>
<li>
 <a href="/wiki/Google_Labs" title="Google Labs">
  Labs
 </a>
</li>
<li>
 <a href="/wiki/Google_Mashup_Editor" title="Google Mashup Editor">
  Mashup Editor
 </a>
</li>
<li>
 <a href="/wiki/Google_Page_Creator" title="Google Page Creator">
  Page Creator
 </a>
</li>
<li>
 <a href="/wiki/Google_Reader" title="Google Reader">
  Reader
 </a>
</li>
<li>
 <a href="/wiki/Google_Sidewiki" title="Google Sidewiki">
  Sidewiki
 </a>
</li>
<li>
 <a href="/wiki/Google_Pack#Google_Updater" title="Google Pack">
  Updater
 </a>
</li>
<li>
 <a href="/wiki/Google_Video_Marketplace" title="Google Video Marketplace">
  Video Marketplace
 </a>
</li>
<li>
 <a href="/wiki/Orkut" title="Orkut">
  Orkut
 </a>
</li>
<li>
 <a href="/wiki/111_Eighth_Avenue" title="111 Eighth Avenue">
  111 Eighth Avenue
 </a>
</li>
<li>
 <a href="/wiki/Google_bomb" title="Google bomb">
  Bomb
 </a>
</li>
<li>
 <a href="/wiki/Google_Chrome_Experiments" title="Google Chrome Experiments">
  Chrome Experiments
 </a>
</li>
<li>
 <a href="/wiki/Google_Business_Groups" title="Google Business Groups">
  Google Business Groups
 </a>
</li>
<li>
 <a href="/wiki/Google_Takeout" title="Google Takeout">
  Takeout
 </a>
</li>
<li>
 <a href="/wiki/Google_Enterprise" title="Google Enterprise">
  Google Enterprise
 </a>
</li>
<li>
 <a href="/wiki/Google.org#Google_Foundation" title="Google.org">
  Foundation
 </a>
</li>
<li>
 <a href="/wiki/Googlization" title="Googlization">
  Googlization
 </a>
</li>
<li>
 <a href="/wiki/Googleplex" title="Googleplex">
  Googleplex
 </a>
</li>
<li>
 <a href="/wiki/Google_I/O" title="Google I/O">
  I/O
 </a>
</li>
<li>
 <a href="/wiki/List_of_Google_Doodles_in_2011" title="List of Google Doodles in 2011">
  2011
 </a>
</li>
<li>
 <a href="/wiki/List_of_Google_Doodles_in_2014" title="List of Google Doodles in 2014">
  2014
 </a>
</li>
<li>
 <a href="/wiki/Google_Lunar_X_Prize" title="Google Lunar X Prize">
  Lunar X Prize
 </a>
</li>
<li>
 <a href="/wiki/Motorola_Mobility" title="Motorola Mobility">
  Motorola Mobility
 </a>
</li>
<li>
 <a href="/wiki/Unity_(cable_system)" title="Unity (cable system)">
  Unity
 </a>
</li>
<li>
 <a href="/wiki/Google_X" title="Google X">
  X
 </a>
</li>
<li>
 <a href="/wiki/Project_Tango" title="Project Tango">
  Tango
 </a>
</li>
<li>
 <a href="/wiki/Sergey_Brin" title="Sergey Brin">
  Sergey Brin
 </a>
</li>
<li>
 <a href="/wiki/Ray_Kurzweil" title="Ray Kurzweil">
  Raymond Kurzweil
 </a>
</li>
<li>
 <a href="/wiki/Ram_Shriram" title="Ram Shriram">
  Ram Shriram
 </a>
</li>
<li>
 <a href="/wiki/Al_Gore" title="Al Gore">
  Al Gore
 </a>
</li>
<li>
 <a href="/wiki/Alan_Mulally" title="Alan Mulally">
  Alan Mulally
 </a>
</li>
<li>
 <a href="/wiki/Inferno_(operating_system)" title="Inferno (operating system)">
  Inferno
 </a>
</li>
<li>
 <a href="/wiki/Newsqueak" title="Newsqueak">
  Newsqueak
 </a>
</li>
<li>
 <a href="/wiki/Sawzall_(programming_language)" title="Sawzall (programming language)">
  Sawzall
 </a>
</li>
<li>
 <a href="/wiki/Blit_(computer_terminal)" title="Blit (computer terminal)">
  Blit
 </a>
</li>
<li>
 <a href="/wiki/8%C2%BD_(Plan_9)" title="8½ (Plan 9)">
  8½
 </a>
</li>
<li>
 <i>
  <a href="/wiki/The_Unix_Programming_Environment" title="The Unix Programming Environment">
   The Unix Programming Environment
  </a>
 </i>
</li>
<li>
 <a href="/wiki/UTF-8" title="UTF-8">
  UTF-8
 </a>
</li>
<li>
 <a href="/wiki/Plan_9_from_Bell_Labs" title="Plan 9 from Bell Labs">
  Plan 9 from Bell Labs
 </a>
</li>
<li>
 <strong class="selflink">
  Go
 </strong>
</li>
<li>
 <a href="/wiki/Belle_(chess_machine)" title="Belle (chess machine)">
  Belle
 </a>
</li>
<li>
 <i>
  <a href="/wiki/Space_Travel_(video_game)" title="Space Travel (video game)">
   Space Travel
  </a>
 </i>
</li>
<li>
 <a href="/wiki/UTF-8" title="UTF-8">
  UTF-8
 </a>
</li>
