<li>
 <a href="/wiki/Google_Classroom" title="Google Classroom">
  Classroom
 </a>
</li>
<li>
 <a href="/wiki/Google_Street_View" title="Google Street View">
  Street View
 </a>
 <ul>
  <li>
   <a href="/wiki/Timeline_of_Google_Street_View" title="Timeline of Google Street View">
    Timeline
   </a>
  </li>
  <li>
   <a href="/wiki/Google_Street_View_privacy_concerns" title="Google Street View privacy concerns">
    Privacy concerns
   </a>
  </li>
  <li>
   <a href="/wiki/Competition_of_Google_Street_View" title="Competition of Google Street View" class="mw-redirect">
    Competition
   </a>
  </li>
  <li>
   <a href="/wiki/Locations_of_Google_Street_View" title="Locations of Google Street View" class="mw-redirect">
    Locations
   </a>
  </li>
 </ul>
</li>
<li>
 <a href="/wiki/Google_News_Archive" title="Google News Archive">
  Archive
 </a>
</li>
<li>
 <a href="/wiki/Google_Takeout" title="Google Takeout">
  Takeout
 </a>
</li>
<li>
 <a href="/wiki/UTF-8" title="UTF-8">
  UTF-8
 </a>
</li>
