<span class="toctext">
 History
</span>
<span class="toctext">
 Language design
</span>
<span class="toctext">
 Syntax
</span>
<span class="toctext">
 Types
</span>
<span class="toctext">
 Package system
</span>
<span class="toctext">
 Concurrency: goroutines, channels, and select
</span>
<span class="toctext">
 Race condition safety
</span>
<span class="toctext">
 Interface system
</span>
<span class="toctext">
 Omissions
</span>
<span class="toctext">
 Conventions and code style
</span>
<span class="toctext">
 Language tools
</span>
<span class="toctext">
 Examples
</span>
<span class="toctext">
 Hello world
</span>
<span class="toctext">
 Echo
</span>
<span class="toctext">
 File Read
</span>
<span class="toctext">
 Notable users
</span>
<span class="toctext">
 Libraries
</span>
<span class="toctext">
 Community and conferences
</span>
<span class="toctext">
 Reception
</span>
<span class="toctext">
 Mascot
</span>
<span class="toctext">
 Naming dispute
</span>
<span class="toctext">
 See also
</span>
<span class="toctext">
 Notes
</span>
<span class="toctext">
 References
</span>
<span class="toctext">
 External links
</span>
