<img src="//bits.wikimedia.org/images/wikimedia-button.png" srcset="//bits.wikimedia.org/images/wikimedia-button-1.5x.png 1.5x, //bits.wikimedia.org/images/wikimedia-button-2x.png 2x" width="88" height="31" alt="Wikimedia Foundation">
<img src="//bits.wikimedia.org/static-1.25wmf6/resources/assets/poweredby_mediawiki_88x31.png" alt="Powered by MediaWiki" width="88" height="31">
