<link rel="alternate" href="android-app://org.wikipedia/http/en.m.wikipedia.org/wiki/Go_(programming_language)">
<link rel="alternate" type="application/x-wiki" title="Edit this page" href="/w/index.php?title=Go_(programming_language)&amp;action=edit">
<link rel="edit" title="Edit this page" href="/w/index.php?title=Go_(programming_language)&amp;action=edit">
<link rel="apple-touch-icon" href="//bits.wikimedia.org/apple-touch/wikipedia.png">
<link rel="shortcut icon" href="//bits.wikimedia.org/favicon/wikipedia.ico">
<link rel="search" type="application/opensearchdescription+xml" href="/w/opensearch_desc.php" title="Wikipedia (en)">
<link rel="EditURI" type="application/rsd+xml" href="//en.wikipedia.org/w/api.php?action=rsd">
<link rel="alternate" hreflang="x-default" href="/wiki/Go_(programming_language)">
<link rel="copyright" href="//creativecommons.org/licenses/by-sa/3.0/">
<link rel="alternate" type="application/atom+xml" title="Wikipedia Atom feed" href="/w/index.php?title=Special:RecentChanges&amp;feed=atom">
<link rel="canonical" href="http://en.wikipedia.org/wiki/Go_(programming_language)">
<link rel="stylesheet" href="//bits.wikimedia.org/en.wikipedia.org/load.php?debug=false&amp;lang=en&amp;modules=ext.gadget.DRN-wizard%2CReferenceTooltips%2Ccharinsert%2Cfeatured-articles-links%2CrefToolbar%2Cteahouse%7Cext.geshi.language.go%7Cext.geshi.local%7Cext.rtlcite%2Cwikihiero%2CwikimediaBadges%7Cext.uls.nojs%7Cext.visualEditor.viewPageTarget.noscript%7Cmediawiki.legacy.commonPrint%2Cshared%7Cmediawiki.skinning.interface%7Cmediawiki.ui.button%7Cskins.vector.styles%7Cwikibase.client.init&amp;only=styles&amp;skin=vector&amp;*">
<link rel="stylesheet" href="//bits.wikimedia.org/en.wikipedia.org/load.php?debug=false&amp;lang=en&amp;modules=site&amp;only=styles&amp;skin=vector&amp;*">
<link rel="dns-prefetch" href="//meta.wikimedia.org">
<a href="#cite_ref-langfaq_2-0">
 <sup>
  <i>
   <b>
    a
   </b>
  </i>
 </sup>
</a>
<a href="#cite_ref-langfaq_2-1">
 <sup>
  <i>
   <b>
    b
   </b>
  </i>
 </sup>
</a>
<a href="#cite_ref-langfaq_2-2">
 <sup>
  <i>
   <b>
    c
   </b>
  </i>
 </sup>
</a>
<a href="#cite_ref-memmodel_34-0">
 <sup>
  <i>
   <b>
    a
   </b>
  </i>
 </sup>
</a>
<a href="#cite_ref-memmodel_34-1">
 <sup>
  <i>
   <b>
    b
   </b>
  </i>
 </sup>
</a>
